// Jest Snapshot v1, https://goo.gl/fbAQLP

exports[`<TodoList /> render matches a snapshot 1`] = `undefined`;
